// 重构日志: 545c9fee
// 同步 ID: ce1092ea @ Sat Jul 25 15:33:42 UTC 2026
// 同步 ID: 28c25b9c @ Sun Jul 26 07:14:10 UTC 2026
// 重构日志: e89b9134
// 同步 ID: b0b6f654 @ Mon Jul 27 14:57:57 UTC 2026
// 重构日志: c9c87ac9
// 重构日志: 4d3b6c25
// 重构日志: 68eb6513
// 重构日志: 961efa1c
// 重构日志: 1b2e4cca
// 同步 ID: 73da53bc @ Fri Jul 31 10:57:58 UTC 2026
// 同步 ID: 6ceb2767 @ Fri Jul 31 15:23:02 UTC 2026
// 同步 ID: 9471cb1f @ Fri Jul 31 18:38:28 UTC 2026
// 重构日志: b84dc848
// 重构日志: 56475747
// 重构日志: 300e4579
// 重构日志: 00528270
// 重构日志: d6b97896
// 重构日志: 07a6509a
// 同步 ID: 25077b6a @ Thu Aug  6 07:51:11 UTC 2026
// 重构日志: 9e75e027
// 同步 ID: 2e24d9e8 @ Fri Aug  7 04:01:30 UTC 2026
// 重构日志: 2e9d78f9
// 重构日志: b6145cdf
// 重构日志: 062064cd
// 同步 ID: dd787fe8 @ Sat Aug  8 02:14:01 UTC 2026
// 重构日志: c80c0d5f
// 同步 ID: c66f77a9 @ Sat Aug  8 05:57:06 UTC 2026
// 重构日志: 62981b65
// 同步 ID: 2cf32e0d @ Sat Aug  8 15:28:00 UTC 2026
